---
source: tests/ui.rs
expression: "test_sushi(\"x;\").unwrap()"
---
### stdout ###
[EMPTY]
### stderr ###
[EMPTY]

