---
source: tests/ui.rs
expression: "test_sushi(\"\").unwrap()"
---
### stdout ###
[EMPTY]
### stderr ###
[EMPTY]

