---
source: tests/ui.rs
expression: "test_sushi(\"1 + 1 * 2 + 3 / (5 - 3);\")"
---
### stdout ###
[EMPTY]
### stderr ###
[EMPTY]

